2025-07-12 10:51:12,893 [INFO] Initialized WorkoutVolumeManager.
2025-07-12 10:51:12,898 [INFO] Muscle priority for chest: 0.25
2025-07-12 10:51:12,898 [INFO] Adjusted volume for chest: sets=15, reps=(8, 12)
2025-07-12 10:51:12,899 [INFO] Muscle priority for back: 0.25
2025-07-12 10:51:12,899 [INFO] Adjusted volume for back: sets=15, reps=(8, 12)
2025-07-12 10:51:12,899 [INFO] Muscle priority for shoulders: 0.15
2025-07-12 10:51:12,899 [INFO] Adjusted volume for shoulders: sets=9, reps=(8, 12)
2025-07-12 10:51:12,900 [INFO] Muscle priority for biceps: 0.1
2025-07-12 10:51:12,900 [INFO] Adjusted volume for biceps: sets=6, reps=(8, 12)
2025-07-12 10:51:12,900 [INFO] Muscle priority for triceps: 0.1
2025-07-12 10:51:12,900 [INFO] Adjusted volume for triceps: sets=6, reps=(8, 12)
2025-07-12 10:51:12,900 [INFO] Muscle priority for quadriceps: 0.2
2025-07-12 10:51:12,900 [INFO] Adjusted volume for quadriceps: sets=12, reps=(8, 12)
2025-07-12 10:51:12,901 [INFO] Muscle priority for hamstrings: 0.15
2025-07-12 10:51:12,901 [INFO] Adjusted volume for hamstrings: sets=9, reps=(8, 12)
2025-07-12 10:51:12,901 [INFO] Muscle priority for glutes: 0.1
2025-07-12 10:51:12,901 [INFO] Adjusted volume for glutes: sets=6, reps=(8, 12)
2025-07-12 10:51:12,901 [INFO] Muscle priority for calves: 0.1
2025-07-12 10:51:12,902 [INFO] Adjusted volume for calves: sets=6, reps=(8, 12)
2025-07-12 10:51:12,903 [INFO] Weekly sets for chest: 11
2025-07-12 10:51:12,903 [INFO] Weekly sets for chest: 11
2025-07-12 10:51:12,903 [INFO] Per-session sets for chest: 6
2025-07-12 10:51:12,903 [INFO] Weekly sets for chest: 11
2025-07-12 10:51:12,903 [INFO] Weekly sets for chest: 11
2025-07-12 10:51:12,904 [INFO] Per-session sets for chest: 6
2025-07-12 10:51:13,030 [INFO] Weekly sets for back: 13
2025-07-12 10:51:13,030 [INFO] Weekly sets for back: 13
2025-07-12 10:51:13,030 [INFO] Per-session sets for back: 6
2025-07-12 10:51:13,030 [INFO] Weekly sets for back: 13
2025-07-12 10:51:13,030 [INFO] Weekly sets for back: 13
2025-07-12 10:51:13,030 [INFO] Per-session sets for back: 6
2025-07-12 10:51:13,043 [INFO] Weekly sets for shoulders: 8
2025-07-12 10:51:13,043 [INFO] Weekly sets for shoulders: 8
2025-07-12 10:51:13,044 [INFO] Per-session sets for shoulders: 4
2025-07-12 10:51:13,044 [INFO] Weekly sets for shoulders: 8
2025-07-12 10:51:13,044 [INFO] Weekly sets for shoulders: 8
2025-07-12 10:51:13,044 [INFO] Per-session sets for shoulders: 4
2025-07-12 10:51:13,051 [INFO] Weekly sets for biceps: 6
2025-07-12 10:51:13,051 [INFO] Weekly sets for biceps: 6
2025-07-12 10:51:13,051 [INFO] Per-session sets for biceps: 3
2025-07-12 10:51:13,051 [INFO] Weekly sets for biceps: 6
2025-07-12 10:51:13,051 [INFO] Weekly sets for biceps: 6
2025-07-12 10:51:13,051 [INFO] Per-session sets for biceps: 3
2025-07-12 10:51:13,057 [INFO] Weekly sets for triceps: 6
2025-07-12 10:51:13,058 [INFO] Weekly sets for triceps: 6
2025-07-12 10:51:13,058 [INFO] Per-session sets for triceps: 3
2025-07-12 10:51:13,058 [INFO] Weekly sets for triceps: 6
2025-07-12 10:51:13,058 [INFO] Weekly sets for triceps: 6
2025-07-12 10:51:13,058 [INFO] Per-session sets for triceps: 3
2025-07-12 10:51:13,070 [INFO] Weekly sets for quadriceps: 11
2025-07-12 10:51:13,070 [INFO] Weekly sets for quadriceps: 11
2025-07-12 10:51:13,070 [INFO] Per-session sets for quadriceps: 6
2025-07-12 10:51:13,070 [INFO] Weekly sets for quadriceps: 11
2025-07-12 10:51:13,070 [INFO] Weekly sets for quadriceps: 11
2025-07-12 10:51:13,070 [INFO] Per-session sets for quadriceps: 6
2025-07-12 10:51:13,083 [INFO] Weekly sets for hamstrings: 8
2025-07-12 10:51:13,083 [INFO] Weekly sets for hamstrings: 8
2025-07-12 10:51:13,083 [INFO] Per-session sets for hamstrings: 4
2025-07-12 10:51:13,083 [INFO] Weekly sets for hamstrings: 8
2025-07-12 10:51:13,083 [INFO] Weekly sets for hamstrings: 8
2025-07-12 10:51:13,083 [INFO] Per-session sets for hamstrings: 4
2025-07-12 10:51:13,088 [INFO] Weekly sets for glutes: 8
2025-07-12 10:51:13,088 [INFO] Weekly sets for glutes: 8
2025-07-12 10:51:13,088 [INFO] Per-session sets for glutes: 4
2025-07-12 10:51:13,089 [INFO] Weekly sets for glutes: 8
2025-07-12 10:51:13,089 [INFO] Weekly sets for glutes: 8
2025-07-12 10:51:13,089 [INFO] Per-session sets for glutes: 4
2025-07-12 10:51:13,093 [INFO] Weekly sets for calves: 8
2025-07-12 10:51:13,093 [INFO] Weekly sets for calves: 8
2025-07-12 10:51:13,093 [INFO] Per-session sets for calves: 4
2025-07-12 10:51:13,093 [INFO] Weekly sets for calves: 8
2025-07-12 10:51:13,093 [INFO] Weekly sets for calves: 8
2025-07-12 10:51:13,093 [INFO] Per-session sets for calves: 4
2025-07-12 10:51:13,102 [INFO] Weekly sets for chest: 11
2025-07-12 10:51:13,102 [INFO] Weekly sets for chest: 11
2025-07-12 10:51:13,102 [INFO] Per-session sets for chest: 6
2025-07-12 10:51:13,102 [INFO] Weekly sets for chest: 11
2025-07-12 10:51:13,102 [INFO] Weekly sets for chest: 11
2025-07-12 10:51:13,102 [INFO] Per-session sets for chest: 6
2025-07-12 10:51:13,115 [INFO] Weekly sets for back: 13
2025-07-12 10:51:13,115 [INFO] Weekly sets for back: 13
2025-07-12 10:51:13,115 [INFO] Per-session sets for back: 6
2025-07-12 10:51:13,115 [INFO] Weekly sets for back: 13
2025-07-12 10:51:13,115 [INFO] Weekly sets for back: 13
2025-07-12 10:51:13,115 [INFO] Per-session sets for back: 6
2025-07-12 10:51:13,129 [INFO] Weekly sets for shoulders: 8
2025-07-12 10:51:13,129 [INFO] Weekly sets for shoulders: 8
2025-07-12 10:51:13,129 [INFO] Per-session sets for shoulders: 4
2025-07-12 10:51:13,130 [INFO] Weekly sets for shoulders: 8
2025-07-12 10:51:13,130 [INFO] Weekly sets for shoulders: 8
2025-07-12 10:51:13,130 [INFO] Per-session sets for shoulders: 4
2025-07-12 10:51:13,137 [INFO] Weekly sets for biceps: 6
2025-07-12 10:51:13,137 [INFO] Weekly sets for biceps: 6
2025-07-12 10:51:13,137 [INFO] Per-session sets for biceps: 3
2025-07-12 10:51:13,137 [INFO] Weekly sets for biceps: 6
2025-07-12 10:51:13,137 [INFO] Weekly sets for biceps: 6
2025-07-12 10:51:13,137 [INFO] Per-session sets for biceps: 3
2025-07-12 10:51:13,143 [INFO] Weekly sets for triceps: 6
2025-07-12 10:51:13,143 [INFO] Weekly sets for triceps: 6
2025-07-12 10:51:13,143 [INFO] Per-session sets for triceps: 3
2025-07-12 10:51:13,143 [INFO] Weekly sets for triceps: 6
2025-07-12 10:51:13,143 [INFO] Weekly sets for triceps: 6
2025-07-12 10:51:13,143 [INFO] Per-session sets for triceps: 3
2025-07-12 10:51:13,155 [INFO] Weekly sets for hamstrings: 8
2025-07-12 10:51:13,155 [INFO] Weekly sets for hamstrings: 8
2025-07-12 10:51:13,155 [INFO] Per-session sets for hamstrings: 4
2025-07-12 10:51:13,155 [INFO] Weekly sets for hamstrings: 8
2025-07-12 10:51:13,155 [INFO] Weekly sets for hamstrings: 8
2025-07-12 10:51:13,156 [INFO] Per-session sets for hamstrings: 4
2025-07-12 10:51:13,162 [INFO] Weekly sets for glutes: 8
2025-07-12 10:51:13,162 [INFO] Weekly sets for glutes: 8
2025-07-12 10:51:13,162 [INFO] Per-session sets for glutes: 4
2025-07-12 10:51:13,162 [INFO] Weekly sets for glutes: 8
2025-07-12 10:51:13,163 [INFO] Weekly sets for glutes: 8
2025-07-12 10:51:13,163 [INFO] Per-session sets for glutes: 4
2025-07-12 10:51:13,167 [INFO] Weekly sets for calves: 8
2025-07-12 10:51:13,167 [INFO] Weekly sets for calves: 8
2025-07-12 10:51:13,167 [INFO] Per-session sets for calves: 4
2025-07-12 10:51:13,167 [INFO] Weekly sets for calves: 8
2025-07-12 10:51:13,167 [INFO] Weekly sets for calves: 8
2025-07-12 10:51:13,167 [INFO] Per-session sets for calves: 4
